[debug] [2025-06-23T06:20:37.777Z] ----------------------------------------------------------------------
[debug] [2025-06-23T06:20:37.784Z] Command:       C:\Program Files\nodejs\node.exe C:\Users\aohka\AppData\Roaming\npm\node_modules\firebase-tools\lib\bin\firebase.js init
[debug] [2025-06-23T06:20:37.785Z] CLI Version:   14.8.0
[debug] [2025-06-23T06:20:37.785Z] Platform:      win32
[debug] [2025-06-23T06:20:37.785Z] Node Version:  v20.10.0
[debug] [2025-06-23T06:20:37.786Z] Time:          Mon Jun 23 2025 13:20:37 GMT+0700 (Indochina Time)
[debug] [2025-06-23T06:20:37.786Z] ----------------------------------------------------------------------
[debug] 
[debug] [2025-06-23T06:20:37.791Z] >>> [apiv2][query] GET https://firebase-public.firebaseio.com/cli.json [none]
[debug] [2025-06-23T06:20:37.897Z] > command requires scopes: ["email","openid","https://www.googleapis.com/auth/cloudplatformprojects.readonly","https://www.googleapis.com/auth/firebase","https://www.googleapis.com/auth/cloud-platform"]
[debug] [2025-06-23T06:20:37.898Z] > authorizing via signed-in user (21522221@gm.uit.edu.vn)
[info] 
     ######## #### ########  ######## ########     ###     ######  ########
     ##        ##  ##     ## ##       ##     ##  ##   ##  ##       ##
     ######    ##  ########  ######   ########  #########  ######  ######
     ##        ##  ##    ##  ##       ##     ## ##     ##       ## ##
     ##       #### ##     ## ######## ########  ##     ##  ######  ########

You're about to initialize a Firebase project in this directory:

  D:\namky42\nt208\projectmain\WebCharity

[debug] [2025-06-23T06:20:38.470Z] <<< [apiv2][status] GET https://firebase-public.firebaseio.com/cli.json 200
[debug] [2025-06-23T06:20:38.471Z] <<< [apiv2][body] GET https://firebase-public.firebaseio.com/cli.json {"cloudBuildErrorAfter":1594252800000,"cloudBuildWarnAfter":1590019200000,"defaultNode10After":1594252800000,"minVersion":"3.0.5","node8DeploysDisabledAfter":1613390400000,"node8RuntimeDisabledAfter":1615809600000,"node8WarnAfter":1600128000000}
